{
  "version": "1.5.0",
  "plugins_used": [
    {
      "name": "ArtifactoryDetector"
    },
    {
      "name": "AWSKeyDetector"
    },
    {
      "name": "AzureStorageKeyDetector"
    },
    {
      "name": "Base64HighEntropyString",
      "limit": 4.5
    },
    {
      "name": "BasicAuthDetector"
    },
    {
      "name": "CloudantDetector"
    },
    {
      "name": "DiscordBotTokenDetector"
    },
    {
      "name": "GitHubTokenDetector"
    },
    {
      "name": "GitLabTokenDetector"
    },
    {
      "name": "HexHighEntropyString",
      "limit": 3.0
    },
    {
      "name": "IbmCloudIamDetector"
    },
    {
      "name": "IbmCosHmacDetector"
    },
    {
      "name": "IPPublicDetector"
    },
    {
      "name": "JwtTokenDetector"
    },
    {
      "name": "KeywordDetector",
      "keyword_exclude": ""
    },
    {
      "name": "MailchimpDetector"
    },
    {
      "name": "NpmDetector"
    },
    {
      "name": "OpenAIDetector"
    },
    {
      "name": "PrivateKeyDetector"
    },
    {
      "name": "PypiTokenDetector"
    },
    {
      "name": "SendGridDetector"
    },
    {
      "name": "SlackDetector"
    },
    {
      "name": "SoftlayerDetector"
    },
    {
      "name": "SquareOAuthDetector"
    },
    {
      "name": "StripeDetector"
    },
    {
      "name": "TelegramBotTokenDetector"
    },
    {
      "name": "TwilioKeyDetector"
    }
  ],
  "filters_used": [
    {
      "path": "detect_secrets.filters.allowlist.is_line_allowlisted"
    },
    {
      "path": "detect_secrets.filters.common.is_baseline_file",
      "filename": "config/.secrets.baseline"
    },
    {
      "path": "detect_secrets.filters.common.is_ignored_due_to_verification_policies",
      "min_level": 2
    },
    {
      "path": "detect_secrets.filters.heuristic.is_indirect_reference"
    },
    {
      "path": "detect_secrets.filters.heuristic.is_likely_id_string"
    },
    {
      "path": "detect_secrets.filters.heuristic.is_lock_file"
    },
    {
      "path": "detect_secrets.filters.heuristic.is_not_alphanumeric_string"
    },
    {
      "path": "detect_secrets.filters.heuristic.is_potential_uuid"
    },
    {
      "path": "detect_secrets.filters.heuristic.is_prefixed_with_dollar_sign"
    },
    {
      "path": "detect_secrets.filters.heuristic.is_sequential_string"
    },
    {
      "path": "detect_secrets.filters.heuristic.is_swagger_file"
    },
    {
      "path": "detect_secrets.filters.heuristic.is_templated_secret"
    }
  ],
  "results": {
    ".claude/SETTINGS_OPTIMIZATION_GUIDE.md": [
      {
        "type": "Secret Keyword",
        "filename": ".claude/SETTINGS_OPTIMIZATION_GUIDE.md",
        "hashed_secret": "3a85d0169ee6633b28d36ddcb665ece099241911",
        "is_verified": false,
        "line_number": 206
      },
      {
        "type": "Secret Keyword",
        "filename": ".claude/SETTINGS_OPTIMIZATION_GUIDE.md",
        "hashed_secret": "6b26c117c66a0c030e239eef595c1e18865132a8",
        "is_verified": false,
        "line_number": 207
      }
    ],
    ".claude/agents/infrastructure/api-integration-specialist.md": [
      {
        "type": "Secret Keyword",
        "filename": ".claude/agents/infrastructure/api-integration-specialist.md",
        "hashed_secret": "bdf4567d0b1ae1dc97159cd5c26b819c53b4ff20",
        "is_verified": false,
        "line_number": 446
      },
      {
        "type": "Secret Keyword",
        "filename": ".claude/agents/infrastructure/api-integration-specialist.md",
        "hashed_secret": "f7f71c7b39b889f796dda3ff85c60627bf327c75",
        "is_verified": false,
        "line_number": 451
      },
      {
        "type": "Secret Keyword",
        "filename": ".claude/agents/infrastructure/api-integration-specialist.md",
        "hashed_secret": "c94055f8ca03dd00999828feb2eaead9acb1302e",
        "is_verified": false,
        "line_number": 458
      },
      {
        "type": "Secret Keyword",
        "filename": ".claude/agents/infrastructure/api-integration-specialist.md",
        "hashed_secret": "cbcaff8c86b4d2230a2bc7c390f5e782c7ff74a0",
        "is_verified": false,
        "line_number": 463
      }
    ],
    ".claude/processes/implementation-results-system-validation-20250828.md": [
      {
        "type": "Secret Keyword",
        "filename": ".claude/processes/implementation-results-system-validation-20250828.md",
        "hashed_secret": "76a713241c41cb0e62fcf1decc09a2c19d1b1316",
        "is_verified": false,
        "line_number": 33
      }
    ],
    "config/.env.production.template": [
      {
        "type": "Basic Auth Credentials",
        "filename": "config/.env.production.template",
        "hashed_secret": "e54aa9667f83da4b74145182b2fffb8ab8b5a1f1",
        "is_verified": false,
        "line_number": 24
      }
    ],
    "config/.secrets.baseline": [
      {
        "type": "Hex High Entropy String",
        "filename": "config/.secrets.baseline",
        "hashed_secret": "8d1e4f5888895e9f5df12404d016f885c42fad0b",
        "is_verified": false,
        "line_number": 134
      },
      {
        "type": "Secret Keyword",
        "filename": "config/.secrets.baseline",
        "hashed_secret": "8d1e4f5888895e9f5df12404d016f885c42fad0b",
        "is_verified": false,
        "line_number": 134
      },
      {
        "type": "Hex High Entropy String",
        "filename": "config/.secrets.baseline",
        "hashed_secret": "635ea6ccefd43f55fe253a5cde35000a13f0f5df",
        "is_verified": false,
        "line_number": 141
      },
      {
        "type": "Secret Keyword",
        "filename": "config/.secrets.baseline",
        "hashed_secret": "635ea6ccefd43f55fe253a5cde35000a13f0f5df",
        "is_verified": false,
        "line_number": 141
      },
      {
        "type": "Hex High Entropy String",
        "filename": "config/.secrets.baseline",
        "hashed_secret": "c2297689fefa120920a879fe682bf809acba9f16",
        "is_verified": false,
        "line_number": 150
      },
      {
        "type": "Secret Keyword",
        "filename": "config/.secrets.baseline",
        "hashed_secret": "c2297689fefa120920a879fe682bf809acba9f16",
        "is_verified": false,
        "line_number": 150
      }
    ],
    "docs/architecture/ARCHITECTURE.md": [
      {
        "type": "Secret Keyword",
        "filename": "docs/architecture/ARCHITECTURE.md",
        "hashed_secret": "09a51705c11f417f45cc49ec67c4487ed02fb460",
        "is_verified": false,
        "line_number": 323
      }
    ],
    "podcast_production/TODO_prod.yaml": [
      {
        "type": "Secret Keyword",
        "filename": "podcast_production/TODO_prod.yaml",
        "hashed_secret": "1a77d416224cbbe77a439cfd6c198030cb522872",
        "is_verified": false,
        "line_number": 29
      }
    ],
    "podcast_production/config/langfuse.example.env": [
      {
        "type": "Secret Keyword",
        "filename": "podcast_production/config/langfuse.example.env",
        "hashed_secret": "9b665fad819fca0302c17ae89a2726647f33606a",
        "is_verified": false,
        "line_number": 6
      }
    ],
    "podcast_production/config/orchestration_config.yaml": [
      {
        "type": "Secret Keyword",
        "filename": "podcast_production/config/orchestration_config.yaml",
        "hashed_secret": "5ffe533b830f08a0326348a9160afafc8ada44db",
        "is_verified": false,
        "line_number": 341
      }
    ],
    "podcast_production/database-configs/schema.sql": [
      {
        "type": "Secret Keyword",
        "filename": "podcast_production/database-configs/schema.sql",
        "hashed_secret": "c35bdb821a941808a150db95d0f934f449bbff17",
        "is_verified": false,
        "line_number": 6
      }
    ],
    "podcast_production/database-configs/setup.sh": [
      {
        "type": "Basic Auth Credentials",
        "filename": "podcast_production/database-configs/setup.sh",
        "hashed_secret": "daf7874a01b543dd1ab8cf31d9bb69888c99a5dd",
        "is_verified": false,
        "line_number": 28
      }
    ],
    "podcast_production/docs/LANGFUSE_OBSERVABILITY_GUIDE.md": [
      {
        "type": "Secret Keyword",
        "filename": "podcast_production/docs/LANGFUSE_OBSERVABILITY_GUIDE.md",
        "hashed_secret": "33f220dd67f717cc949db63e21c90e130a6137da",
        "is_verified": false,
        "line_number": 42
      }
    ],
    "podcast_production/production_setup.py": [
      {
        "type": "Secret Keyword",
        "filename": "podcast_production/production_setup.py",
        "hashed_secret": "aecdccc1cf64595b34e0cc152d238daabb32183a",
        "is_verified": false,
        "line_number": 84
      }
    ],
    "podcast_production/test_security.py": [
      {
        "type": "Secret Keyword",
        "filename": "podcast_production/test_security.py",
        "hashed_secret": "dbcbce07c848fb8ae1b7ba50e0c9f283fe6c94d1",
        "is_verified": false,
        "line_number": 26
      },
      {
        "type": "Base64 High Entropy String",
        "filename": "podcast_production/test_security.py",
        "hashed_secret": "1c417a69da56fc7b22056117c59ca5328e0004da",
        "is_verified": false,
        "line_number": 27
      },
      {
        "type": "Secret Keyword",
        "filename": "podcast_production/test_security.py",
        "hashed_secret": "1c417a69da56fc7b22056117c59ca5328e0004da",
        "is_verified": false,
        "line_number": 27
      },
      {
        "type": "Base64 High Entropy String",
        "filename": "podcast_production/test_security.py",
        "hashed_secret": "3ab385c84f6397990a8af56d1146b3ec49ea5baa",
        "is_verified": false,
        "line_number": 28
      },
      {
        "type": "Secret Keyword",
        "filename": "podcast_production/test_security.py",
        "hashed_secret": "3ab385c84f6397990a8af56d1146b3ec49ea5baa",
        "is_verified": false,
        "line_number": 28
      },
      {
        "type": "Secret Keyword",
        "filename": "podcast_production/test_security.py",
        "hashed_secret": "3db94661a057ef5549547a67eaf287963b273e97",
        "is_verified": false,
        "line_number": 29
      },
      {
        "type": "Secret Keyword",
        "filename": "podcast_production/test_security.py",
        "hashed_secret": "84286a6e3cdab2790429b64fc11bc67705c2cb2e",
        "is_verified": false,
        "line_number": 30
      },
      {
        "type": "Base64 High Entropy String",
        "filename": "podcast_production/test_security.py",
        "hashed_secret": "421a6964a0c1b3ec842c0a58b66ff5b90cf0540e",
        "is_verified": false,
        "line_number": 31
      },
      {
        "type": "Base64 High Entropy String",
        "filename": "podcast_production/test_security.py",
        "hashed_secret": "c8b68169f03790b09cdeeef6c049f741c54ece0e",
        "is_verified": false,
        "line_number": 32
      },
      {
        "type": "Secret Keyword",
        "filename": "podcast_production/test_security.py",
        "hashed_secret": "c8b68169f03790b09cdeeef6c049f741c54ece0e",
        "is_verified": false,
        "line_number": 32
      },
      {
        "type": "Secret Keyword",
        "filename": "podcast_production/test_security.py",
        "hashed_secret": "3bee216ebc256d692260fc3adc765050508fef5e",
        "is_verified": false,
        "line_number": 49
      },
      {
        "type": "Secret Keyword",
        "filename": "podcast_production/test_security.py",
        "hashed_secret": "469f8050622646208e7f173d6c67b2cde48aa917",
        "is_verified": false,
        "line_number": 50
      },
      {
        "type": "Secret Keyword",
        "filename": "podcast_production/test_security.py",
        "hashed_secret": "215a7625c21c33e4eb988d022cf4be54d158b9c5",
        "is_verified": false,
        "line_number": 51
      },
      {
        "type": "Secret Keyword",
        "filename": "podcast_production/test_security.py",
        "hashed_secret": "a0f4ea7d91495df92bbac2e2149dfb850fe81396",
        "is_verified": false,
        "line_number": 52
      },
      {
        "type": "Secret Keyword",
        "filename": "podcast_production/test_security.py",
        "hashed_secret": "142c5990b7265fdef5ddefdba8134b39d5bcb5ea",
        "is_verified": false,
        "line_number": 55
      }
    ],
    "podcast_production/tests/test_provider_failover.py": [
      {
        "type": "Secret Keyword",
        "filename": "podcast_production/tests/test_provider_failover.py",
        "hashed_secret": "14f6510437186ccb6b06d10115b55f01211f91d0",
        "is_verified": false,
        "line_number": 30
      },
      {
        "type": "Secret Keyword",
        "filename": "podcast_production/tests/test_provider_failover.py",
        "hashed_secret": "c3ea903ece9aa75faa74935881302040f917a635",
        "is_verified": false,
        "line_number": 38
      },
      {
        "type": "Secret Keyword",
        "filename": "podcast_production/tests/test_provider_failover.py",
        "hashed_secret": "412535b6bed4d9f048c0c1525f6ecee52d140c46",
        "is_verified": false,
        "line_number": 46
      }
    ],
    "podcast_production/validate_production_readiness.py": [
      {
        "type": "Secret Keyword",
        "filename": "podcast_production/validate_production_readiness.py",
        "hashed_secret": "817396bd6abba0eb3ed98a760974612d3b51e183",
        "is_verified": false,
        "line_number": 527
      },
      {
        "type": "Secret Keyword",
        "filename": "podcast_production/validate_production_readiness.py",
        "hashed_secret": "5b19904d95b7da1c6f103428bc25db3b072fc725",
        "is_verified": false,
        "line_number": 528
      },
      {
        "type": "Secret Keyword",
        "filename": "podcast_production/validate_production_readiness.py",
        "hashed_secret": "a71ab9c7c024d5f3c5c2c2b5b657a40d1ae9c90b",
        "is_verified": false,
        "line_number": 529
      }
    ],
    "scripts/maintenance/create_production_deployment.py": [
      {
        "type": "Secret Keyword",
        "filename": "scripts/maintenance/create_production_deployment.py",
        "hashed_secret": "1b447eca6f69c26354668f050d0c2cc893605aa5",
        "is_verified": false,
        "line_number": 151
      }
    ],
    "scripts/maintenance/setup_production_database.py": [
      {
        "type": "Secret Keyword",
        "filename": "scripts/maintenance/setup_production_database.py",
        "hashed_secret": "c35bdb821a941808a150db95d0f934f449bbff17",
        "is_verified": false,
        "line_number": 237
      },
      {
        "type": "Basic Auth Credentials",
        "filename": "scripts/maintenance/setup_production_database.py",
        "hashed_secret": "c35bdb821a941808a150db95d0f934f449bbff17",
        "is_verified": false,
        "line_number": 441
      },
      {
        "type": "Basic Auth Credentials",
        "filename": "scripts/maintenance/setup_production_database.py",
        "hashed_secret": "daf7874a01b543dd1ab8cf31d9bb69888c99a5dd",
        "is_verified": false,
        "line_number": 516
      }
    ],
    "scripts/maintenance/setup_production_environment.py": [
      {
        "type": "Basic Auth Credentials",
        "filename": "scripts/maintenance/setup_production_environment.py",
        "hashed_secret": "e54aa9667f83da4b74145182b2fffb8ab8b5a1f1",
        "is_verified": false,
        "line_number": 56
      },
      {
        "type": "Secret Keyword",
        "filename": "scripts/maintenance/setup_production_environment.py",
        "hashed_secret": "c91e52495e3e0a5594539a1eaaf9cbed7e259426",
        "is_verified": false,
        "line_number": 520
      }
    ],
    "scripts/maintenance/test_security.py": [
      {
        "type": "Secret Keyword",
        "filename": "scripts/maintenance/test_security.py",
        "hashed_secret": "dbcbce07c848fb8ae1b7ba50e0c9f283fe6c94d1",
        "is_verified": false,
        "line_number": 26
      },
      {
        "type": "Base64 High Entropy String",
        "filename": "scripts/maintenance/test_security.py",
        "hashed_secret": "1c417a69da56fc7b22056117c59ca5328e0004da",
        "is_verified": false,
        "line_number": 27
      },
      {
        "type": "Secret Keyword",
        "filename": "scripts/maintenance/test_security.py",
        "hashed_secret": "1c417a69da56fc7b22056117c59ca5328e0004da",
        "is_verified": false,
        "line_number": 27
      },
      {
        "type": "Base64 High Entropy String",
        "filename": "scripts/maintenance/test_security.py",
        "hashed_secret": "3ab385c84f6397990a8af56d1146b3ec49ea5baa",
        "is_verified": false,
        "line_number": 28
      },
      {
        "type": "Secret Keyword",
        "filename": "scripts/maintenance/test_security.py",
        "hashed_secret": "3ab385c84f6397990a8af56d1146b3ec49ea5baa",
        "is_verified": false,
        "line_number": 28
      },
      {
        "type": "Secret Keyword",
        "filename": "scripts/maintenance/test_security.py",
        "hashed_secret": "3db94661a057ef5549547a67eaf287963b273e97",
        "is_verified": false,
        "line_number": 29
      },
      {
        "type": "Secret Keyword",
        "filename": "scripts/maintenance/test_security.py",
        "hashed_secret": "84286a6e3cdab2790429b64fc11bc67705c2cb2e",
        "is_verified": false,
        "line_number": 30
      },
      {
        "type": "Base64 High Entropy String",
        "filename": "scripts/maintenance/test_security.py",
        "hashed_secret": "421a6964a0c1b3ec842c0a58b66ff5b90cf0540e",
        "is_verified": false,
        "line_number": 31
      },
      {
        "type": "Base64 High Entropy String",
        "filename": "scripts/maintenance/test_security.py",
        "hashed_secret": "c8b68169f03790b09cdeeef6c049f741c54ece0e",
        "is_verified": false,
        "line_number": 32
      },
      {
        "type": "Secret Keyword",
        "filename": "scripts/maintenance/test_security.py",
        "hashed_secret": "c8b68169f03790b09cdeeef6c049f741c54ece0e",
        "is_verified": false,
        "line_number": 32
      },
      {
        "type": "Secret Keyword",
        "filename": "scripts/maintenance/test_security.py",
        "hashed_secret": "3bee216ebc256d692260fc3adc765050508fef5e",
        "is_verified": false,
        "line_number": 49
      },
      {
        "type": "Secret Keyword",
        "filename": "scripts/maintenance/test_security.py",
        "hashed_secret": "469f8050622646208e7f173d6c67b2cde48aa917",
        "is_verified": false,
        "line_number": 50
      },
      {
        "type": "Secret Keyword",
        "filename": "scripts/maintenance/test_security.py",
        "hashed_secret": "215a7625c21c33e4eb988d022cf4be54d158b9c5",
        "is_verified": false,
        "line_number": 51
      },
      {
        "type": "Secret Keyword",
        "filename": "scripts/maintenance/test_security.py",
        "hashed_secret": "a0f4ea7d91495df92bbac2e2149dfb850fe81396",
        "is_verified": false,
        "line_number": 52
      },
      {
        "type": "Secret Keyword",
        "filename": "scripts/maintenance/test_security.py",
        "hashed_secret": "142c5990b7265fdef5ddefdba8134b39d5bcb5ea",
        "is_verified": false,
        "line_number": 55
      }
    ],
    "scripts/maintenance/validate_95_percent_readiness.py": [
      {
        "type": "Secret Keyword",
        "filename": "scripts/maintenance/validate_95_percent_readiness.py",
        "hashed_secret": "05eed0044912a6182cf7c82da8fb430d29fddce9",
        "is_verified": false,
        "line_number": 45
      }
    ],
    "scripts/maintenance/validate_environment.py": [
      {
        "type": "Secret Keyword",
        "filename": "scripts/maintenance/validate_environment.py",
        "hashed_secret": "c91e52495e3e0a5594539a1eaaf9cbed7e259426",
        "is_verified": false,
        "line_number": 117
      }
    ],
    "src/audio/tts_direct_api.py": [
      {
        "type": "Base64 High Entropy String",
        "filename": "src/audio/tts_direct_api.py",
        "hashed_secret": "8c894090f1d40b5db7dd55a102cebdd17c3ffa6b",
        "is_verified": false,
        "line_number": 406
      }
    ],
    "src/audio/tts_single_call.py": [
      {
        "type": "Base64 High Entropy String",
        "filename": "src/audio/tts_single_call.py",
        "hashed_secret": "c2482cd54be462e86468f9c376009e5177cdb4ce",
        "is_verified": false,
        "line_number": 424
      }
    ],
    "src/validation/stt_validation.py": [
      {
        "type": "Base64 High Entropy String",
        "filename": "src/validation/stt_validation.py",
        "hashed_secret": "f6da70767c34dd97fa635bf15f56c08d9717ffb2",
        "is_verified": false,
        "line_number": 529
      }
    ],
    "tests/e2e/test_production_with_features.py": [
      {
        "type": "Secret Keyword",
        "filename": "tests/e2e/test_production_with_features.py",
        "hashed_secret": "afef4172ef839c04b80737ce7ba50e2112019419",
        "is_verified": false,
        "line_number": 26
      },
      {
        "type": "Secret Keyword",
        "filename": "tests/e2e/test_production_with_features.py",
        "hashed_secret": "ae284f69127cba1a50a178894a19bbb7f4e82234",
        "is_verified": false,
        "line_number": 27
      },
      {
        "type": "Secret Keyword",
        "filename": "tests/e2e/test_production_with_features.py",
        "hashed_secret": "2e7b1d10fbe3b8b06ab94b9c6dcf3c15e2e8e0e9",
        "is_verified": false,
        "line_number": 28
      },
      {
        "type": "Secret Keyword",
        "filename": "tests/e2e/test_production_with_features.py",
        "hashed_secret": "1f4b19e96cd26519392235b67df3367d62ae47e0",
        "is_verified": false,
        "line_number": 29
      },
      {
        "type": "Secret Keyword",
        "filename": "tests/e2e/test_production_with_features.py",
        "hashed_secret": "61590b1c314aea752829602c7e0d653e51d52738",
        "is_verified": false,
        "line_number": 30
      }
    ],
    "tests/integration/test_consolidated_workflow.py": [
      {
        "type": "Secret Keyword",
        "filename": "tests/integration/test_consolidated_workflow.py",
        "hashed_secret": "3acfb2c2b433c0ea7ff107e33df91b18e52f960f",
        "is_verified": false,
        "line_number": 24
      }
    ],
    "tests/unit/test_provider_failover.py": [
      {
        "type": "Secret Keyword",
        "filename": "tests/unit/test_provider_failover.py",
        "hashed_secret": "1af855c78902ffca71085a21e4ba1ed7fbe158e9",
        "is_verified": false,
        "line_number": 30
      },
      {
        "type": "Secret Keyword",
        "filename": "tests/unit/test_provider_failover.py",
        "hashed_secret": "0da3cd27457679125b3ac44491caed49540c7ee9",
        "is_verified": false,
        "line_number": 39
      }
    ],
    "tests/unit/test_voice_config.py": [
      {
        "type": "Base64 High Entropy String",
        "filename": "tests/unit/test_voice_config.py",
        "hashed_secret": "950e9e4839aa989a118b8d6a41dd62813039669c",
        "is_verified": false,
        "line_number": 141
      }
    ]
  },
  "generated_at": "2025-09-04T19:31:16Z"
}
